id: hooting_yard_2008-06-26
stories:
  - time_code: 22
    story: 2008-06-25-hunched-among-these-shimmerings
