id: hooting_yard_2008-06-26
stories:
  - time_code: 20
    story: 2007-09-02-bolted-lobbies
  - time_code: 300
    story: 2008-06-21-bolted-lobbies_x
