id: hooting_yard_2018-10-04
stories:
  - time_code: 427
    story: 2018-09-15-tales-of-duntblau-iv
